// Vitest Snapshot v1, https://vitest.dev/guide/snapshot.html

exports[`defaults that shape pixels — a change here is a BREAKING CHANGE > engine defaults 1`] = `
{
  "adaptiveMinSamples": 8,
  "adaptiveStopFraction": 0.9,
  "anamorphicRatio": 1,
  "aperture": 5.6,
  "apertureScale": 1,
  "areaLightIntensityScale": 0.1,
  "backgroundBlurSamples": 8,
  "backgroundBlurriness": 0,
  "backgroundColor": "#000000",
  "backgroundIntensity": 1,
  "cameraProjection": "perspective",
  "convergenceOverlay": false,
  "debugVisScale": 100,
  "dofBlur": 0.05,
  "dofMode": "look",
  "emissiveBoost": 1,
  "enableAlphaShadows": false,
  "enableDOF": false,
  "enableEmissiveTriangleSampling": false,
  "enableEnvironment": true,
  "enableGroundCatcher": false,
  "environmentIntensity": 1,
  "environmentRotation": 0,
  "exposure": 1,
  "fireflyThreshold": 3,
  "focalLength": 50,
  "focusDistance": 0.8,
  "globalIlluminationIntensity": 1,
  "groundCatcherHeight": 0,
  "groundProjectionEnabled": false,
  "groundProjectionHeight": 15,
  "groundProjectionLevel": 0,
  "groundProjectionRadius": 100,
  "integrator": "path",
  "interactionModeEnabled": true,
  "maxBounces": 3,
  "maxSamples": 60,
  "maxSubsurfaceSteps": 8,
  "maxTextureSize": 4096,
  "maxTransparentBounces": 32,
  "noiseThreshold": 0.1,
  "panoramaLatRange": [
    -90,
    90,
  ],
  "panoramaLevelHorizon": true,
  "panoramaLonRange": [
    -180,
    180,
  ],
  "pixelFreezeStability": 8,
  "pixelFreezeThreshold": 0.02,
  "renderLimitMode": "frames",
  "renderMode": 0,
  "renderTimeLimit": 30,
  "samplingTechnique": 2,
  "saturation": 1,
  "shadowRays": "two",
  "shadowTerminatorOffset": 0.1,
  "showBackground": true,
  "transmissiveBounces": 5,
  "transparentBackground": false,
  "unitsPerMetre": 1,
  "useAdaptiveSampling": true,
  "usePixelFreeze": true,
  "visMode": 0,
  "wavefrontSortMaterials": true,
}
`;

exports[`defaults that shape pixels — a change here is a BREAKING CHANGE > material defaults 1`] = `
{
  "alphaMode": 0,
  "alphaTest": 0,
  "anisotropy": 0,
  "anisotropyRotation": 0,
  "attenuationColor": [
    1,
    1,
    1,
  ],
  "attenuationDistance": Infinity,
  "bumpScale": 1,
  "clearcoat": 0,
  "clearcoatRoughness": 0,
  "color": [
    1,
    1,
    1,
  ],
  "depthWrite": 1,
  "diffuseTransmission": 0,
  "diffuseTransmissionColor": [
    1,
    1,
    1,
  ],
  "dispersion": 0,
  "displacementScale": 1,
  "emissive": [
    0,
    0,
    0,
  ],
  "emissiveIntensity": 1,
  "ior": 1.5,
  "iridescence": 0,
  "iridescenceIOR": 1.3,
  "iridescenceThicknessRange": [
    100,
    400,
  ],
  "metalness": 0,
  "normalScale": [
    1,
    1,
  ],
  "opacity": 1,
  "roughness": 1,
  "sheen": 0,
  "sheenColor": [
    0,
    0,
    0,
  ],
  "sheenRoughness": 1,
  "side": 0,
  "specularColor": [
    1,
    1,
    1,
  ],
  "specularIntensity": 1,
  "subsurface": 0,
  "subsurfaceAnisotropy": 0,
  "subsurfaceColor": [
    1,
    1,
    1,
  ],
  "subsurfaceRadius": [
    1,
    0.2,
    0.1,
  ],
  "subsurfaceRadiusScale": 1,
  "thickness": 0,
  "transmission": 0,
  "transparent": 0,
}
`;

exports[`defaults that shape pixels — a change here is a BREAKING CHANGE > mode presets 1`] = `
{
  "interactive": {
    "adaptiveMinSamples": 8,
    "adaptiveStopFraction": 0.9,
    "enableAlphaShadows": false,
    "interactionModeEnabled": true,
    "maxBounces": 3,
    "maxSamples": 60,
    "maxSubsurfaceSteps": 8,
    "noiseThreshold": 0.1,
    "pixelFreezeStability": 8,
    "pixelFreezeThreshold": 0.02,
    "transmissiveBounces": 12,
    "useAdaptiveSampling": true,
    "usePixelFreeze": true,
  },
  "production": {
    "adaptiveMinSamples": 8,
    "adaptiveStopFraction": 0.94,
    "enableAlphaShadows": true,
    "interactionModeEnabled": false,
    "maxBounces": 20,
    "maxSamples": 30,
    "maxSubsurfaceSteps": 64,
    "noiseThreshold": 0.02,
    "pixelFreezeStability": 8,
    "pixelFreezeThreshold": 0.02,
    "transmissiveBounces": 24,
    "useAdaptiveSampling": true,
    "usePixelFreeze": true,
  },
}
`;

exports[`defaults that shape pixels — a change here is a BREAKING CHANGE > starting sky and view 1`] = `
{
  "sky": {
    "skyAirDensity": 1,
    "skyAltitude": 50,
    "skyGroundAlbedo": "#959595",
    "skyOzone": 300,
    "skySunAzimuth": 41.88504521072275,
    "skySunElevation": 41.50412161826075,
    "skySunSize": 0.53,
    "skySunStrength": 1,
    "skyTurbidity": 2,
    "solidSkyColor": "#87CEEB",
  },
  "view": 6,
}
`;

exports[`defaults that shape pixels — a change here is a BREAKING CHANGE > viewer piece defaults 1`] = `
{
  "autoExposure": {
    "autoExposure": false,
    "autoExposureAdaptSpeedBright": 3,
    "autoExposureAdaptSpeedDark": 1,
    "autoExposureKeyValue": 0.18,
    "autoExposureMaxExposure": 20,
    "autoExposureMetering": "center",
    "autoExposureMinExposure": 0.1,
    "autoExposureStrength": 0.3,
  },
  "autoFocus": {
    "afScreenPoint": {
      "x": 0.5,
      "y": 0.5,
    },
    "afSmoothingFactor": 0.15,
    "autoFocusMode": "auto",
  },
  "denoisers": {
    "asvgfAtrousIterations": 4,
    "asvgfDebugMode": 0,
    "asvgfGradientNoiseFloor": 0.05,
    "asvgfGradientSigmaScale": 2.5,
    "asvgfGradientStrength": 1,
    "asvgfMaxAccumFrames": 64,
    "asvgfPhiColor": 0.5,
    "asvgfPhiDepth": 0.05,
    "asvgfPhiLuminance": 4,
    "asvgfPhiNormal": 128,
    "asvgfQualityPreset": "medium",
    "asvgfTemporalAlpha": 0.03,
    "asvgfVarianceBoost": 1,
    "continuousDenoise": false,
    "continuousDenoiseInterval": 8,
    "denoiserStrategy": "none",
    "edgeAtrousIterations": 5,
    "edgePhiDepth": 0.1,
    "edgePhiLuminance": 4,
    "edgePhiNormal": 64,
    "enableASVGF": false,
    "enableOIDN": false,
    "enableUpscaler": false,
    "filterStrength": 1,
    "nrdDebugMode": 0,
    "nrdQualityPreset": "medium",
    "oidnQuality": "fast",
    "oidnTemporalHistory": true,
    "showAsvgfHeatmap": false,
    "upscalerHdr": true,
    "upscalerQuality": "fast",
    "upscalerScale": 2,
  },
}
`;
